// Jest Snapshot v1, https://goo.gl/fbAQLP

exports[`generated html 1`] = `
<div>
  Names
  <h1>
    Hello everyone
  </h1>
  <h2>
    First person is jack
  </h2>
  <p>
    Hi jack, bye jack
  </p>
  <p>
    Hi john, bye john
  </p>
</div>
`;

exports[`transformed source code 1`] = `
"'use strict';

module.exports = new function () {
  this.message = 'Hello everyone';
  this.names = ['jack', 'john'];

  return <div>Names<h1>{this.message}</h1><h2>{['First person is ', this.names[0]].join('')}</h2>{this.names.map((name, key) => <p key={key}>{['Hi ', name, ', bye ', name].join('')}</p>)}</div>;
}();"
`;
