// Jest Snapshot v1, https://goo.gl/fbAQLP

exports[`generated html 1`] = `
<div
  className="people people__container"
>
  <h1>
    Hello everyone
  </h1>
  <p>
     
    Here is a list of people that you might want to follow,
    one being john!
  </p>
  <div
    className="person person__profile"
  >
    <h2>
      My name is jack
    </h2>
  </div>
  <p>
    Hi jack, bye jack
  </p>
  <p>
    Hi john, bye john
  </p>
</div>
`;

exports[`transformed source code 1`] = `
"'use strict';

const Person = ({ name }) => {
  return <div className=\\"person person__profile\\"><h2>{['My name is ', name].join('')}</h2></div>;
};

module.exports = new function () {
  this.message = 'Hello everyone';
  this.names = ['jack', 'john'];
  let showFirstPerson = true;

  return <div className=\\"people people__container\\"><h1>{this.message}</h1><p> Here is a list of people that you might want to follow,
      {['one being ', this.names[1], '!'].join('')}</p>{showFirstPerson ? <Person name={this.names[0]} key=\\"pug:0:0\\" /> : undefined}{this.names.map((name, key) => <p key={key}>{['Hi ', name, ', bye ', name].join('')}</p>)}</div>;
}();"
`;
