// Jest Snapshot v1, https://goo.gl/fbAQLP

exports[`Expect an error to be thrown 1`] = `
"<basedir>/src/__tests__/js-syntax-error.input.js:3
    1| module.exports = pug\`
    2|   div
  > 3|     - let x 1;
    4| \`;
    5| 

Unexpected token, expected \\";\\" (1:6)

[0m[31m[1m>[22m[39m[90m 1 | [39mlet x [35m1[39m[33m;[39m[0m
[0m [90m   | [39m      [31m[1m^[22m[39m[0m"
`;
