// Jest Snapshot v1, https://goo.gl/fbAQLP

exports[`JavaScript output: transformed source code 1`] = `
"module.exports = (
  <div>
    {[1, 2, 3].map(a => {
      let _name;

      return [
        ((_name = \\"a\\"), null),
        <div key={a}>
          {_name + \\":\\" + a}
          {[1, 2, 3].map(b => {
            let _name2;

            return [
              ((_name2 = \\"b\\"), null),
              <div key={b}>{_name2 + \\":\\" + b}</div>
            ];
          })}
          {[1, 2, 3].map((c, i) => {
            let _name3;

            return [((_name3 = \\"c\\"), null), <div key={c}>{_name3 + c}</div>];
          })}
        </div>
      ];
    })}
  </div>
);
"
`;

exports[`html output: generated html 1`] = `
<div>
  <div>
    a:1
    <div>
      b:1
    </div>
    <div>
      b:2
    </div>
    <div>
      b:3
    </div>
    <div>
      c1
    </div>
    <div>
      c2
    </div>
    <div>
      c3
    </div>
  </div>
  <div>
    a:2
    <div>
      b:1
    </div>
    <div>
      b:2
    </div>
    <div>
      b:3
    </div>
    <div>
      c1
    </div>
    <div>
      c2
    </div>
    <div>
      c3
    </div>
  </div>
  <div>
    a:3
    <div>
      b:1
    </div>
    <div>
      b:2
    </div>
    <div>
      b:3
    </div>
    <div>
      c1
    </div>
    <div>
      c2
    </div>
    <div>
      c3
    </div>
  </div>
</div>
`;

exports[`static html output: static html 1`] = `"<div><div>a:1<div>b:1</div><div>b:2</div><div>b:3</div><div>c1</div><div>c2</div><div>c3</div></div><div>a:2<div>b:1</div><div>b:2</div><div>b:3</div><div>c1</div><div>c2</div><div>c3</div></div><div>a:3<div>b:1</div><div>b:2</div><div>b:3</div><div>c1</div><div>c2</div><div>c3</div></div></div>"`;
