// Jest Snapshot v1, https://goo.gl/fbAQLP

exports[`generated html 1`] = `
<div>
  <div>
    42
  </div>
</div>
`;

exports[`static html 1`] = `"<div><div>42</div></div>"`;

exports[`transformed source code 1`] = `
"'use strict';

let _x;

module.exports = <div>{(_x = 1, undefined)}{(_x = _x + 40, undefined)}{(_x++, undefined)}<div>{_x}</div></div>;"
`;
